   Compiling trainz-language-server v0.1.0 (/Users/rogan/Developer/sources/gs-lsp/crates/language-server)
warning: fields `description`, `minimum_version`, `parent`, `validators`, and `dependencies` are never read
  --> crates/acs-text-validators/src/validation_graph/node.rs:22:5
   |
19 | pub struct RuleNode {
   |            -------- fields in this struct
...
22 |     description: Option<String>,
   |     ^^^^^^^^^^^
...
26 |     minimum_version: Option<f64>,
   |     ^^^^^^^^^^^^^^^
27 |     parent: Option<Weak<RuleNode>>,
   |     ^^^^^^
28 |     kind: Option<RuleNodeKind>,
29 |     validators: Vec<Validator>,
   |     ^^^^^^^^^^
30 |     dependencies: HashMap<String, String>,
   |     ^^^^^^^^^^^^
   |
   = note: `RuleNode` has derived impls for the traits `Clone` and `Debug`, but these are intentionally ignored during dead code analysis
   = note: `#[warn(dead_code)]` (part of `#[warn(unused)]`) on by default

warning: field `default` is never read
   --> crates/acs-text-validators/src/validation_graph/value.rs:168:5
    |
167 | pub struct RuleNodeValueString {
    |            ------------------- field in this struct
168 |     default: Option<String>,
    |     ^^^^^^^
    |
    = note: `RuleNodeValueString` has derived impls for the traits `Clone` and `Debug`, but these are intentionally ignored during dead code analysis

warning: field `default` is never read
   --> crates/acs-text-validators/src/validation_graph/value.rs:186:5
    |
185 | pub struct RuleNodeValueFloat {
    |            ------------------ field in this struct
186 |     default: Option<f64>,
    |     ^^^^^^^
    |
    = note: `RuleNodeValueFloat` has derived impls for the traits `Clone` and `Debug`, but these are intentionally ignored during dead code analysis

warning: field `default` is never read
   --> crates/acs-text-validators/src/validation_graph/value.rs:204:5
    |
203 | pub struct RuleNodeValueInteger {
    |            -------------------- field in this struct
204 |     default: Option<i64>,
    |     ^^^^^^^
    |
    = note: `RuleNodeValueInteger` has derived impls for the traits `Clone` and `Debug`, but these are intentionally ignored during dead code analysis

warning: field `default` is never read
   --> crates/acs-text-validators/src/validation_graph/value.rs:222:5
    |
221 | pub struct RuleNodeValueBool {
    |            ----------------- field in this struct
222 |     default: Option<bool>,
    |     ^^^^^^^
    |
    = note: `RuleNodeValueBool` has derived impls for the traits `Clone` and `Debug`, but these are intentionally ignored during dead code analysis

warning: field `default` is never read
   --> crates/acs-text-validators/src/validation_graph/value.rs:240:5
    |
239 | pub struct RuleNodeValueRgb {
    |            ---------------- field in this struct
240 |     default: Option<(u8, u8, u8)>,
    |     ^^^^^^^
    |
    = note: `RuleNodeValueRgb` has derived impls for the traits `Clone` and `Debug`, but these are intentionally ignored during dead code analysis

warning: field `default` is never read
   --> crates/acs-text-validators/src/validation_graph/value.rs:261:5
    |
260 | pub struct RuleNodeValueComboBox {
    |            --------------------- field in this struct
261 |     default: Option<String>,
    |     ^^^^^^^
    |
    = note: `RuleNodeValueComboBox` has derived impls for the traits `Clone` and `Debug`, but these are intentionally ignored during dead code analysis

warning: field `default` is never read
   --> crates/acs-text-validators/src/validation_graph/value.rs:365:5
    |
364 | pub struct RuleNodeValueIntComboBox {
    |            ------------------------ field in this struct
365 |     default: Option<u64>,
    |     ^^^^^^^
    |
    = note: `RuleNodeValueIntComboBox` has derived impls for the traits `Clone` and `Debug`, but these are intentionally ignored during dead code analysis

warning: field `default` is never read
   --> crates/acs-text-validators/src/validation_graph/value.rs:469:5
    |
468 | pub struct RuleNodeValueFloatComboBox {
    |            -------------------------- field in this struct
469 |     default: Option<f64>,
    |     ^^^^^^^
    |
    = note: `RuleNodeValueFloatComboBox` has derived impls for the traits `Clone` and `Debug`, but these are intentionally ignored during dead code analysis

warning: field `default` is never read
   --> crates/acs-text-validators/src/validation_graph/value.rs:573:5
    |
572 | pub struct RuleNodeValueListBox {
    |            -------------------- field in this struct
573 |     default: Option<String>,
    |     ^^^^^^^
    |
    = note: `RuleNodeValueListBox` has derived impls for the traits `Clone` and `Debug`, but these are intentionally ignored during dead code analysis

warning: fields `default`, `filter`, and `categories` are never read
   --> crates/acs-text-validators/src/validation_graph/value.rs:682:5
    |
681 | pub struct RuleNodeValueKuidBrowser {
    |            ------------------------ fields in this struct
682 |     default: Option<(i32, i32, Option<u8>)>,
    |     ^^^^^^^
683 |     filter: Option<String>,
    |     ^^^^^^
684 |     categories: Option<Vec<String>>,
    |     ^^^^^^^^^^
    |
    = note: `RuleNodeValueKuidBrowser` has derived impls for the traits `Clone` and `Debug`, but these are intentionally ignored during dead code analysis

warning: fields `default` and `data_type` are never read
   --> crates/acs-text-validators/src/validation_graph/value.rs:725:5
    |
724 | pub struct RuleNodeValueFilePath {
    |            --------------------- fields in this struct
725 |     default: Option<String>,
    |     ^^^^^^^
726 |     data_type: Option<String>,
    |     ^^^^^^^^^
    |
    = note: `RuleNodeValueFilePath` has derived impls for the traits `Clone` and `Debug`, but these are intentionally ignored during dead code analysis

warning: field `default` is never read
   --> crates/acs-text-validators/src/validation_graph/value.rs:750:5
    |
749 | pub struct RuleNodeValueFloatList {
    |            ---------------------- field in this struct
750 |     default: Option<Vec<f64>>,
    |     ^^^^^^^
    |
    = note: `RuleNodeValueFloatList` has derived impls for the traits `Clone` and `Debug`, but these are intentionally ignored during dead code analysis

warning: field `default` is never read
   --> crates/acs-text-validators/src/validation_graph/value.rs:770:5
    |
769 | pub struct RuleNodeValueVector2 {
    |            -------------------- field in this struct
770 |     default: Option<(f64, f64)>,
    |     ^^^^^^^
    |
    = note: `RuleNodeValueVector2` has derived impls for the traits `Clone` and `Debug`, but these are intentionally ignored during dead code analysis

warning: field `default` is never read
   --> crates/acs-text-validators/src/validation_graph/value.rs:797:5
    |
796 | pub struct RuleNodeValueVector3 {
    |            -------------------- field in this struct
797 |     default: Option<(f64, f64, f64)>,
    |     ^^^^^^^
    |
    = note: `RuleNodeValueVector3` has derived impls for the traits `Clone` and `Debug`, but these are intentionally ignored during dead code analysis

warning: field `default` is never read
   --> crates/acs-text-validators/src/validation_graph/value.rs:824:5
    |
823 | pub struct RuleNodeValueVector4 {
    |            -------------------- field in this struct
824 |     default: Option<(f64, f64, f64, f64)>,
    |     ^^^^^^^
    |
    = note: `RuleNodeValueVector4` has derived impls for the traits `Clone` and `Debug`, but these are intentionally ignored during dead code analysis

warning: field `default` is never read
   --> crates/acs-text-validators/src/validation_graph/value.rs:851:5
    |
850 | pub struct RuleNodeValueVector5 {
    |            -------------------- field in this struct
851 |     default: Option<(f64, f64, f64, f64, f64)>,
    |     ^^^^^^^
    |
    = note: `RuleNodeValueVector5` has derived impls for the traits `Clone` and `Debug`, but these are intentionally ignored during dead code analysis

warning: field `default` is never read
   --> crates/acs-text-validators/src/validation_graph/value.rs:878:5
    |
877 | pub struct RuleNodeValueVector6 {
    |            -------------------- field in this struct
878 |     default: Option<(f64, f64, f64, f64, f64, f64)>,
    |     ^^^^^^^
    |
    = note: `RuleNodeValueVector6` has derived impls for the traits `Clone` and `Debug`, but these are intentionally ignored during dead code analysis

warning: `trainz-acs-text-validators` (lib) generated 18 warnings
    Finished `test` profile [unoptimized + debuginfo] target(s) in 2.19s
     Running unittests src/lib.rs (target/debug/deps/trainz_language_server-d4fe1d74c0a73ef1)

running 1 test

thread 'tests::test_container_validation' (14021454) panicked at crates/language-server/src/server.rs:620:54:
can call blocking only when running on the multi-threaded runtime
note: run with `RUST_BACKTRACE=1` environment variable to display a backtrace
test tests::test_container_validation ... FAILED

failures:

failures:
    tests::test_container_validation

test result: FAILED. 0 passed; 1 failed; 0 ignored; 0 measured; 15 filtered out; finished in 0.02s

error: test failed, to rerun pass `-p trainz-language-server --lib`
